// Jest Snapshot v1, https://goo.gl/fbAQLP

exports[`#checkUserVerificationCode should throw if id is empty 1`] = `"user id and verification code are required"`;

exports[`#checkUserVerificationCode should throw if user is null 1`] = `"Invalid user account"`;

exports[`#checkUserVerificationCode should throw if verificationCode is empty 1`] = `"user id and verification code are required"`;

exports[`#getUserAccountWithCredentials should throw if user is not found 1`] = `"Invalid user account"`;

exports[`#verifyUserLoginCredentials should throw error if password does not match 1`] = `"Invalid user account"`;
